// Jest Snapshot v1, https://goo.gl/fbAQLP

exports[`restrictions should try to find alternative #3 1`] = `
Array [
  "resolve 'pck2' in '.../test/fixtures/restrictions'",
  "  Parsed request is a module",
  "  using description file: .../package.json (relative path: ./test/fixtures/restrictions)",
  "    resolve as module",
  "      looking for modules in .../test/fixtures/restrictions/node_modules",
  "        single file module",
  "          using description file: .../package.json (relative path: ./test/fixtures/restrictions/node_modules/pck2)",
  "            no extension",
  "              .../test/fixtures/restrictions/node_modules/pck2 is not a file",
  "            .js",
  "              .../test/fixtures/restrictions/node_modules/pck2.js doesn't exist",
  "        existing directory .../test/fixtures/restrictions/node_modules/pck2",
  "          using description file: .../test/fixtures/restrictions/node_modules/pck2/package.json (relative path: .)",
  "            using description file: .../package.json (relative path: ./test/fixtures/restrictions/node_modules/pck2)",
  "              no extension",
  "                .../test/fixtures/restrictions/node_modules/pck2 is not a file",
  "              .js",
  "                .../test/fixtures/restrictions/node_modules/pck2.js doesn't exist",
  "              as directory",
  "                existing directory .../test/fixtures/restrictions/node_modules/pck2",
  "                  using description file: .../test/fixtures/restrictions/node_modules/pck2/package.json (relative path: .)",
  "                    use ../../../c.js from main in package.json",
  "                      using description file: .../package.json (relative path: ./test/fixtures/c.js)",
  "                        no extension",
  "                          existing file: .../test/fixtures/c.js",
  "                            .../test/fixtures/c.js is not inside of the restriction .../test/fixtures/restrictions",
  "                        .js",
  "                          .../test/fixtures/c.js.js doesn't exist",
  "                        as directory",
  "                          .../test/fixtures/c.js is not a directory",
  "                    use ./module.js from module in package.json",
  "                      using description file: .../test/fixtures/restrictions/node_modules/pck2/package.json (relative path: ./module.js)",
  "                        no extension",
  "                          existing file: .../test/fixtures/restrictions/node_modules/pck2/module.js",
  "                            .../test/fixtures/restrictions/node_modules/pck2/module.js doesn't match the restriction //.(sass|scss|css)$/",
  "                        .js",
  "                          .../test/fixtures/restrictions/node_modules/pck2/module.js.js doesn't exist",
  "                        as directory",
  "                          .../test/fixtures/restrictions/node_modules/pck2/module.js is not a directory",
  "                    use ./index.css from style in package.json",
  "                      using description file: .../test/fixtures/restrictions/node_modules/pck2/package.json (relative path: ./index.css)",
  "                        no extension",
  "                          existing file: .../test/fixtures/restrictions/node_modules/pck2/index.css",
  "                            reporting result .../test/fixtures/restrictions/node_modules/pck2/index.css",
]
`;
